*** EVALUATION ***
PROGRAM "C:\Users\Jihwan\Desktop\Dev\Embedded\Freescale_마이크로프로세서실험\Projects\2015312911_김지환_실습9_코드_2\bin\Flash_Application.abs"

*********************************************************************************************
TARGET SECTION
---------------------------------------------------------------------------------------------
Processor   : Freescale HC12
Memory Model: SMALL
File Format : ELF\DWARF 2.0
Linker      : SmartLinker V-5.0.52 Build 15249, Sep  7 2015

*********************************************************************************************
FILE SECTION
---------------------------------------------------------------------------------------------
START12.C.o                             Model: SMALL,         Lang: ANSI-C,        Compiler Version: ANSI-C/cC++ Compiler for HC12 V-5.0.46 Build 15249, Sep  7 2015
PRINTF.C.o (ansis.lib)                  Model: SMALL,         Lang: ANSI-C,        Compiler Version: ANSI-C/cC++ Compiler for HC12 V-5.0.46 Build 15249, Sep  7 2015
FADD.C.o (ansis.lib)                    Model: SMALL,         Lang: ANSI-C,        Compiler Version: ANSI-C/cC++ Compiler for HC12 V-5.0.46 Build 15249, Sep  7 2015
FANSI.C.o (ansis.lib)                   Model: SMALL,         Lang: ANSI-C,        Compiler Version: ANSI-C/cC++ Compiler for HC12 V-5.0.46 Build 15249, Sep  7 2015
FCMP.C.o (ansis.lib)                    Model: SMALL,         Lang: ANSI-C,        Compiler Version: ANSI-C/cC++ Compiler for HC12 V-5.0.46 Build 15249, Sep  7 2015
FCONV.C.o (ansis.lib)                   Model: SMALL,         Lang: ANSI-C,        Compiler Version: ANSI-C/cC++ Compiler for HC12 V-5.0.46 Build 15249, Sep  7 2015
FMUL.C.o (ansis.lib)                    Model: SMALL,         Lang: ANSI-C,        Compiler Version: ANSI-C/cC++ Compiler for HC12 V-5.0.46 Build 15249, Sep  7 2015
FREGS.C.o (ansis.lib)                   Model: SMALL,         Lang: ANSI-C,        Compiler Version: ANSI-C/cC++ Compiler for HC12 V-5.0.46 Build 15249, Sep  7 2015
rtshc12.c.o (ansis.lib)                 Model: SMALL,         Lang: ANSI-C,        Compiler Version: ANSI-C/cC++ Compiler for HC12 V-5.0.46 Build 15249, Sep  7 2015
VREGS.C.o (ansis.lib)                   Model: SMALL,         Lang: ANSI-C,        Compiler Version: ANSI-C/cC++ Compiler for HC12 V-5.0.46 Build 15249, Sep  7 2015
projectvectors.c.o                      Model: SMALL,         Lang: ANSI-C,        Compiler Version: ANSI-C/cC++ Compiler for HC12 V-5.0.46 Build 15249, Sep  7 2015
main.c.o                                Model: SMALL,         Lang: ANSI-C,        Compiler Version: ANSI-C/cC++ Compiler for HC12 V-5.0.46 Build 15249, Sep  7 2015
per_DP256_K79X.c.o                      Model: SMALL,         Lang: ANSI-C,        Compiler Version: ANSI-C/cC++ Compiler for HC12 V-5.0.46 Build 15249, Sep  7 2015
pwm.c.o                                 Model: SMALL,         Lang: ANSI-C,        Compiler Version: ANSI-C/cC++ Compiler for HC12 V-5.0.46 Build 15249, Sep  7 2015
atd.c.o                                 Model: SMALL,         Lang: ANSI-C,        Compiler Version: ANSI-C/cC++ Compiler for HC12 V-5.0.46 Build 15249, Sep  7 2015
helper.c.o                              Model: SMALL,         Lang: ANSI-C,        Compiler Version: ANSI-C/cC++ Compiler for HC12 V-5.0.46 Build 15249, Sep  7 2015
lcd.c.o                                 Model: SMALL,         Lang: ANSI-C,        Compiler Version: ANSI-C/cC++ Compiler for HC12 V-5.0.46 Build 15249, Sep  7 2015

*********************************************************************************************
STARTUP SECTION
---------------------------------------------------------------------------------------------
Entry point: 0x4029 (_Startup)
_startupData is allocated at 0x4039 and uses 11 Bytes
extern struct _tagStartup {
  unsigned flags          0
  _PFunc   main           0x4C19    (main)
  long     stackOffset    0x1405
  unsigned nofZeroOut     1
  _Range   pZeroOut       0x1000     6
  _Copy    *toCopyDownBeg 0x51F4
} _startupData;

*********************************************************************************************
SECTION-ALLOCATION SECTION
Section Name                    Size  Type     From       To       Segment
---------------------------------------------------------------------------------------------
.init                             57     R     0x4000     0x4038   ROM_4000
.startData                        15     R     0x4039     0x4047   ROM_4000
.rodata                          212     R     0x4048     0x411B   ROM_4000
.rodata1                           3     R     0x411C     0x411E   ROM_4000
NON_BANKED                       228     R     0x411F     0x4202   ROM_4000
.text                           3036     R     0x4203     0x4DDE   ROM_4000
.copy                              2     R     0x51F4     0x51F5   ROM_4000
.abs_section_0                    48   N/I        0x0       0x2F   .absSeg0
.abs_section_30                    4   N/I       0x30       0x33   .absSeg1
.abs_section_34                   12   N/I       0x34       0x3F   .absSeg2
.abs_section_40                   64   N/I       0x40       0x7F   .absSeg3
.abs_section_80                   32   N/I       0x80       0x9F   .absSeg4
.abs_section_a0                   40   N/I       0xA0       0xC7   .absSeg5
.abs_section_c8                    8   N/I       0xC8       0xCF   .absSeg6
.abs_section_d0                    8   N/I       0xD0       0xD7   .absSeg7
.abs_section_d8                    8   N/I       0xD8       0xDF   .absSeg8
.abs_section_e0                    8   N/I       0xE0       0xE7   .absSeg9
.abs_section_e8                    8   N/I       0xE8       0xEF   .absSeg10
.abs_section_f0                    8   N/I       0xF0       0xF7   .absSeg11
.abs_section_f8                    8   N/I       0xF8       0xFF   .absSeg12
.abs_section_100                  16   N/I      0x100      0x10F   .absSeg13
.abs_section_110                  12   N/I      0x110      0x11B   .absSeg14
.abs_section_120                  32   N/I      0x120      0x13F   .absSeg15
.abs_section_140                  64   N/I      0x140      0x17F   .absSeg16
.abs_section_180                  64   N/I      0x180      0x1BF   .absSeg17
.abs_section_1c0                  64   N/I      0x1C0      0x1FF   .absSeg18
.abs_section_200                  64   N/I      0x200      0x23F   .absSeg19
.abs_section_240                  48   N/I      0x240      0x26F   .absSeg20
.abs_section_280                  64   N/I      0x280      0x2BF   .absSeg21
.bss                               6   R/W     0x1000     0x1005   RAM
RUNTIME                         1045     R     0x4DDF     0x51F3   ROM_4000
.stack                          1024   R/W     0x1006     0x1405   RAM
.vectSeg22_vect                  116     R     0xFF8C     0xFFFF   .vectSeg22

Summary of section sizes per section type:
READ_ONLY (R):        126A (dec:     4714)
READ_WRITE (R/W):      406 (dec:     1030)
NO_INIT (N/I):         2AC (dec:      684)

*********************************************************************************************
VECTOR-ALLOCATION SECTION
    Address     InitValue   InitFunction
---------------------------------------------------------------------------------------------
     0xFF8C        0x411F   pwm_shutdown_isr
     0xFF8E        0x4123   portp_isr
     0xFF90        0x4127   mscan4_tx_isr
     0xFF92        0x412B   mscan4_rx_isr
     0xFF94        0x412F   mscan4_error_isr
     0xFF96        0x4133   mscan4_wakeup_isr
     0xFF98        0x4137   mscan3_tx_isr
     0xFF9A        0x413B   mscan3_rx_isr
     0xFF9C        0x413F   mscan3_error_isr
     0xFF9E        0x4143   mscan3_wakeup_isr
     0xFFA0        0x4147   mscan2_tx_isr
     0xFFA2        0x414B   mscan2_rx_isr
     0xFFA4        0x414F   mscan2_error_isr
     0xFFA6        0x4153   mscan2_wakeup_isr
     0xFFA8        0x4157   mscan1_tx_isr
     0xFFAA        0x415B   mscan1_rx_isr
     0xFFAC        0x415F   mscan1_error_isr
     0xFFAE        0x4163   mscan1_wakeup_isr
     0xFFB0        0x4167   mscan0_tx_isr
     0xFFB2        0x416B   mscan0_rx_isr
     0xFFB4        0x416F   mscan0_error_isr
     0xFFB6        0x4173   mscan0_wakeup_isr
     0xFFB8        0x4177   flash_isr
     0xFFBA        0x417B   eeprom_isr
     0xFFBC        0x417F   spi2_isr
     0xFFBE        0x4183   spi1_isr
     0xFFC0        0x4187   iic_isr
     0xFFC2        0x418B   bdlc_isr
     0xFFC4        0x418F   crg_scm_isr
     0xFFC6        0x4193   crg_pll_lock_isr
     0xFFC8        0x4197   pa_b_overflow_isr
     0xFFCA        0x419B   ect_mdc_isr
     0xFFCC        0x419F   porth_isr
     0xFFCE        0x41A3   portj_isr
     0xFFD0        0x41A7   atd1_isr
     0xFFD2        0x41AB   atd0_isr
     0xFFD4        0x41AF   sci1_isr
     0xFFD6        0x41B3   sci0_isr
     0xFFD8        0x41B7   spi0_isr
     0xFFDA        0x41BB   pa_a_edge_isr
     0xFFDC        0x41BF   pa_a_overflow_isr
     0xFFDE        0x41C3   ect_overflow_isr
     0xFFE0        0x41C7   ect_ch7_isr
     0xFFE2        0x41CB   ect_ch6_isr
     0xFFE4        0x41CF   ect_ch5_isr
     0xFFE6        0x41D3   ect_ch4_isr
     0xFFE8        0x41D7   ect_ch3_isr
     0xFFEA        0x41DB   ect_ch2_isr
     0xFFEC        0x41DF   ect_ch1_isr
     0xFFEE        0x41E3   ect_ch0_isr
     0xFFF0        0x41E7   rti_isr
     0xFFF2        0x41EB   irq_isr
     0xFFF4        0x41EF   xirq_isr
     0xFFF6        0x41F3   swi_isr
     0xFFF8        0x41F7   trap_isr
     0xFFFA        0x41FB   cop_isr
     0xFFFC        0x41FF   clockmonitor_isr
     0xFFFE        0x4029   _Startup

*********************************************************************************************
OBJECT-ALLOCATION SECTION
     Name               Module                 Addr   hSize   dSize     Ref    Section   RLIB
---------------------------------------------------------------------------------------------
MODULE:                 -- START12.C.o --
- PROCEDURES:
     Init                                      4000      29      41       1   .init       
     _Startup                                  4029      10      16       0   .init       
- VARIABLES:
     _startupData                              4039       B      11       5   .startData  
- LABELS:
     __SEG_END_SSTACK                          1406       0       0       1               
MODULE:                 -- PRINTF.C.o (ansis.lib) --
- PROCEDURES:
     Ten                                       4203      AC     172       3   .text       
     vprintf                                   42AF     924    2340     110   .text       
     _out                                      4BD3       C      12      17   .text       
     deposit_char                              4BDF       F      15       1   .text       
     sprintf                                   4BEE      29      41       1   .text       
- VARIABLES:
     pow10                                     4048      28      40       6   .rodata     
     pow16                                     4070      20      32       4   .rodata     
     pow8                                      4090      2C      44       4   .rodata     
     fpow10                                    40BC      30      48       1   .rodata     
     fpow_10                                   40EC      30      48       1   .rodata     
     pbuf                                      1000       6       6      15   .bss        
MODULE:                 -- FADD.C.o (ansis.lib) --
- PROCEDURES:
     F_ADDKL                                   4DDF      67     103       1   RUNTIME     
     _FADD                                     4E46      15      21       3   RUNTIME     
     _FSUB                                     4E5B      13      19       1   RUNTIME     
     _FNEG                                     4E6E       B      11       1   RUNTIME     
- VARIABLES:
MODULE:                 -- FANSI.C.o (ansis.lib) --
- PROCEDURES:
     F_FREXP                                   4E79      1F      31       1   RUNTIME     
     frexpf                                    4E98      19      25       1   RUNTIME     
- VARIABLES:
MODULE:                 -- FCMP.C.o (ansis.lib) --
- PROCEDURES:
     _FCMP                                     4EB1      26      38       2   RUNTIME     
- VARIABLES:
MODULE:                 -- FCONV.C.o (ansis.lib) --
- PROCEDURES:
     F_TOLONGK                                 4ED7      33      51       1   RUNTIME     
     F_FRLONGK                                 4F0A      1F      31       1   RUNTIME     
     _FUFLOAT                                  4F29      12      18       1   RUNTIME     
     _FSTRUNC                                  4F3B      11      17       1   RUNTIME     
     _FUTRUNC                                  4F4C       3       3       2   RUNTIME     
- VARIABLES:
MODULE:                 -- FMUL.C.o (ansis.lib) --
- PROCEDURES:
     F_MULKL                                   4F4F      58      88       1   RUNTIME     
     _FMUL                                     4FA7      14      20       7   RUNTIME     
- VARIABLES:
MODULE:                 -- FREGS.C.o (ansis.lib) --
- PROCEDURES:
     F_PULK                                    4FBB      15      21       3   RUNTIME     
     F_PULL                                    4FD0      15      21       3   RUNTIME     
     F_PSHK                                    4FE5      13      19       4   RUNTIME     
     F_TLK                                     4FF8       D      13       1   RUNTIME     
     F_XGKL                                    5005      21      33       2   RUNTIME     
     F_CLRK                                    5026       B      11       2   RUNTIME     
     F_MAXK                                    5031       9       9       1   RUNTIME     
     F_NORMK                                   503A      3E      62       3   RUNTIME     
- VARIABLES:
MODULE:                 -- rtshc12.c.o (ansis.lib) --
- PROCEDURES:
     _BDIVMODS                                 5078       B      11       4   RUNTIME     
     _LCMP_P                                   5083      15      21       3   RUNTIME     
     _LNEG                                     5098       D      13       1   RUNTIME     
     _lDivMod                                  50A5      BE     190       2   RUNTIME     
     _LDIVU                                    5163       E      14       1   RUNTIME     
     _NEG_P                                    5171       F      15       1   RUNTIME     
     _LMODU                                    5180      11      17       1   RUNTIME     
     _ILSEXT                                   5191       7       7       2   RUNTIME     
     _CASE_DIRECT_BYTE                         5198       5       5       1   RUNTIME     
     _CASE_CHECKED_BYTE                        519D      14      20       1   RUNTIME     
     _CASE_SEARCH_8                            51B1      17      23       1   RUNTIME     
     _CASE_SEARCH_8_BYTE                       51C8      1A      26       1   RUNTIME     
- VARIABLES:
MODULE:                 -- VREGS.C.o (ansis.lib) --
- PROCEDURES:
     L_NEGK                                    51E2       7       7       1   RUNTIME     
     L_PSHK                                    51E9       8       8       1   RUNTIME     
     UL_PULK                                   51F1       3       3       1   RUNTIME     
- VARIABLES:
MODULE:                 -- projectvectors.c.o --
- PROCEDURES:
     software_trap                             4C17       2       2      57   .text       
     pwm_shutdown_isr                          411F       4       4       0   NON_BANKED  
     portp_isr                                 4123       4       4       0   NON_BANKED  
     mscan4_tx_isr                             4127       4       4       0   NON_BANKED  
     mscan4_rx_isr                             412B       4       4       0   NON_BANKED  
     mscan4_error_isr                          412F       4       4       0   NON_BANKED  
     mscan4_wakeup_isr                         4133       4       4       0   NON_BANKED  
     mscan3_tx_isr                             4137       4       4       0   NON_BANKED  
     mscan3_rx_isr                             413B       4       4       0   NON_BANKED  
     mscan3_error_isr                          413F       4       4       0   NON_BANKED  
     mscan3_wakeup_isr                         4143       4       4       0   NON_BANKED  
     mscan2_tx_isr                             4147       4       4       0   NON_BANKED  
     mscan2_rx_isr                             414B       4       4       0   NON_BANKED  
     mscan2_error_isr                          414F       4       4       0   NON_BANKED  
     mscan2_wakeup_isr                         4153       4       4       0   NON_BANKED  
     mscan1_tx_isr                             4157       4       4       0   NON_BANKED  
     mscan1_rx_isr                             415B       4       4       0   NON_BANKED  
     mscan1_error_isr                          415F       4       4       0   NON_BANKED  
     mscan1_wakeup_isr                         4163       4       4       0   NON_BANKED  
     mscan0_tx_isr                             4167       4       4       0   NON_BANKED  
     mscan0_rx_isr                             416B       4       4       0   NON_BANKED  
     mscan0_error_isr                          416F       4       4       0   NON_BANKED  
     mscan0_wakeup_isr                         4173       4       4       0   NON_BANKED  
     flash_isr                                 4177       4       4       0   NON_BANKED  
     eeprom_isr                                417B       4       4       0   NON_BANKED  
     spi2_isr                                  417F       4       4       0   NON_BANKED  
     spi1_isr                                  4183       4       4       0   NON_BANKED  
     iic_isr                                   4187       4       4       0   NON_BANKED  
     bdlc_isr                                  418B       4       4       0   NON_BANKED  
     crg_scm_isr                               418F       4       4       0   NON_BANKED  
     crg_pll_lock_isr                          4193       4       4       0   NON_BANKED  
     pa_b_overflow_isr                         4197       4       4       0   NON_BANKED  
     ect_mdc_isr                               419B       4       4       0   NON_BANKED  
     porth_isr                                 419F       4       4       0   NON_BANKED  
     portj_isr                                 41A3       4       4       0   NON_BANKED  
     atd1_isr                                  41A7       4       4       0   NON_BANKED  
     atd0_isr                                  41AB       4       4       0   NON_BANKED  
     sci1_isr                                  41AF       4       4       0   NON_BANKED  
     sci0_isr                                  41B3       4       4       0   NON_BANKED  
     spi0_isr                                  41B7       4       4       0   NON_BANKED  
     pa_a_edge_isr                             41BB       4       4       0   NON_BANKED  
     pa_a_overflow_isr                         41BF       4       4       0   NON_BANKED  
     ect_overflow_isr                          41C3       4       4       0   NON_BANKED  
     ect_ch7_isr                               41C7       4       4       0   NON_BANKED  
     ect_ch6_isr                               41CB       4       4       0   NON_BANKED  
     ect_ch5_isr                               41CF       4       4       0   NON_BANKED  
     ect_ch4_isr                               41D3       4       4       0   NON_BANKED  
     ect_ch3_isr                               41D7       4       4       0   NON_BANKED  
     ect_ch2_isr                               41DB       4       4       0   NON_BANKED  
     ect_ch1_isr                               41DF       4       4       0   NON_BANKED  
     ect_ch0_isr                               41E3       4       4       0   NON_BANKED  
     rti_isr                                   41E7       4       4       0   NON_BANKED  
     irq_isr                                   41EB       4       4       0   NON_BANKED  
     xirq_isr                                  41EF       4       4       0   NON_BANKED  
     swi_isr                                   41F3       4       4       0   NON_BANKED  
     trap_isr                                  41F7       4       4       0   NON_BANKED  
     cop_isr                                   41FB       4       4       0   NON_BANKED  
     clockmonitor_isr                          41FF       4       4       0   NON_BANKED  
- VARIABLES:
MODULE:                 -- main.c.o --
- PROCEDURES:
     main                                      4C19      6C     108       0   .text       
- VARIABLES:
     STRING..c.1                               411C       3       3       1   .rodata1    
MODULE:                 -- per_DP256_K79X.c.o --
- PROCEDURES:
- VARIABLES:
     Regs                                         0      30      48       7   .abs_section_0
     Page                                        30       4       4       0   .abs_section_30
     Crg                                         34       C      12       0   .abs_section_34
     Tim0                                        40      40      64       0   .abs_section_40
     Atd0                                        80      20      32       6   .abs_section_80
     Pwm                                         A0      28      40      15   .abs_section_a0
     Sci0                                        C8       8       8       0   .abs_section_c8
     Sci1                                        D0       8       8       0   .abs_section_d0
     Spi0                                        D8       8       8       0   .abs_section_d8
     Iic                                         E0       8       8       0   .abs_section_e0
     Bdlc                                        E8       8       8       0   .abs_section_e8
     Spi1                                        F0       8       8       0   .abs_section_f0
     Spi2                                        F8       8       8       0   .abs_section_f8
     Flash                                      100      10      16       0   .abs_section_100
     Eeprom                                     110       C      12       0   .abs_section_110
     Atd1                                       120      20      32       0   .abs_section_120
     Can0                                       140      40      64       0   .abs_section_140
     Can1                                       180      40      64       0   .abs_section_180
     Can2                                       1C0      40      64       0   .abs_section_1c0
     Can3                                       200      40      64       0   .abs_section_200
     Pim                                        240      30      48       0   .abs_section_240
     Can4                                       280      40      64       0   .abs_section_280
MODULE:                 -- pwm.c.o --
- PROCEDURES:
     init_pwm                                  4C85      18      24       1   .text       
     set_pwm                                   4C9D      15      21       1   .text       
- VARIABLES:
MODULE:                 -- atd.c.o --
- PROCEDURES:
     init_atd0                                 4CB2      10      16       1   .text       
     get_atd0                                  4CC2      13      19       1   .text       
- VARIABLES:
MODULE:                 -- helper.c.o --
- PROCEDURES:
     convertADCLevel                           4CD5      56      86       1   .text       
- VARIABLES:
MODULE:                 -- lcd.c.o --
- PROCEDURES:
     init_LCD                                  4D2B      18      24       1   .text       
     set_inst_register                         4D43      26      38       5   .text       
     write_data                                4D69      26      38       1   .text       
     write_string                              4D8F      2C      44       1   .text       
     ms_delay                                  4DBB      24      36       4   .text       
- VARIABLES:

*********************************************************************************************
MODULE STATISTIC
  Name                                      Data   Code  Const
---------------------------------------------------------------------------------------------
  START12.C.o                                  0     57      0
  PRINTF.C.o (ansis.lib)                       6   2580    212
  FADD.C.o (ansis.lib)                         0    154      0
  FANSI.C.o (ansis.lib)                        0     56      0
  FCMP.C.o (ansis.lib)                         0     38      0
  FCONV.C.o (ansis.lib)                        0    120      0
  FMUL.C.o (ansis.lib)                         0    108      0
  FREGS.C.o (ansis.lib)                        0    189      0
  rtshc12.c.o (ansis.lib)                      0    362      0
  VREGS.C.o (ansis.lib)                        0     18      0
  projectvectors.c.o                           0    230      0
  main.c.o                                     0    108      3
  per_DP256_K79X.c.o                         684      0      0
  pwm.c.o                                      0     45      0
  atd.c.o                                      0     35      0
  helper.c.o                                   0     86      0
  lcd.c.o                                      0    180      0
  other                                     1024    131      2

*********************************************************************************************
SECTION USE IN OBJECT-ALLOCATION SECTION
---------------------------------------------------------------------------------------------
SECTION: ".text"
  Ten vprintf _out deposit_char sprintf software_trap main init_pwm set_pwm 
  init_atd0 get_atd0 convertADCLevel init_LCD set_inst_register write_data 
  write_string ms_delay 
SECTION: ".bss"
  pbuf 
SECTION: ".init"
  Init _Startup 
SECTION: ".rodata"
  pow10 pow16 pow8 fpow10 fpow_10 
SECTION: ".rodata1"
  STRING..c.1 
SECTION: "NON_BANKED"
  pwm_shutdown_isr portp_isr mscan4_tx_isr mscan4_rx_isr mscan4_error_isr 
  mscan4_wakeup_isr mscan3_tx_isr mscan3_rx_isr mscan3_error_isr 
  mscan3_wakeup_isr mscan2_tx_isr mscan2_rx_isr mscan2_error_isr 
  mscan2_wakeup_isr mscan1_tx_isr mscan1_rx_isr mscan1_error_isr 
  mscan1_wakeup_isr mscan0_tx_isr mscan0_rx_isr mscan0_error_isr 
  mscan0_wakeup_isr flash_isr eeprom_isr spi2_isr spi1_isr iic_isr bdlc_isr 
  crg_scm_isr crg_pll_lock_isr pa_b_overflow_isr ect_mdc_isr porth_isr 
  portj_isr atd1_isr atd0_isr sci1_isr sci0_isr spi0_isr pa_a_edge_isr 
  pa_a_overflow_isr ect_overflow_isr ect_ch7_isr ect_ch6_isr ect_ch5_isr 
  ect_ch4_isr ect_ch3_isr ect_ch2_isr ect_ch1_isr ect_ch0_isr rti_isr irq_isr 
  xirq_isr swi_isr trap_isr cop_isr clockmonitor_isr 
SECTION: "RUNTIME"
  F_ADDKL _FADD _FSUB _FNEG F_FREXP frexpf _FCMP F_TOLONGK F_FRLONGK _FUFLOAT 
  _FSTRUNC _FUTRUNC F_MULKL _FMUL F_PULK F_PULL F_PSHK F_TLK F_XGKL F_CLRK 
  F_MAXK F_NORMK _BDIVMODS _LCMP_P _LNEG _lDivMod _LDIVU _NEG_P _LMODU _ILSEXT 
  _CASE_DIRECT_BYTE _CASE_CHECKED_BYTE _CASE_SEARCH_8 _CASE_SEARCH_8_BYTE 
  L_NEGK L_PSHK UL_PULK 
SECTION: ".abs_section_0"
  Regs 
SECTION: ".abs_section_30"
  Page 
SECTION: ".abs_section_34"
  Crg 
SECTION: ".abs_section_40"
  Tim0 
SECTION: ".abs_section_80"
  Atd0 
SECTION: ".abs_section_a0"
  Pwm 
SECTION: ".abs_section_c8"
  Sci0 
SECTION: ".abs_section_d0"
  Sci1 
SECTION: ".abs_section_d8"
  Spi0 
SECTION: ".abs_section_e0"
  Iic 
SECTION: ".abs_section_e8"
  Bdlc 
SECTION: ".abs_section_f0"
  Spi1 
SECTION: ".abs_section_f8"
  Spi2 
SECTION: ".abs_section_100"
  Flash 
SECTION: ".abs_section_110"
  Eeprom 
SECTION: ".abs_section_120"
  Atd1 
SECTION: ".abs_section_140"
  Can0 
SECTION: ".abs_section_180"
  Can1 
SECTION: ".abs_section_1c0"
  Can2 
SECTION: ".abs_section_200"
  Can3 
SECTION: ".abs_section_240"
  Pim 
SECTION: ".abs_section_280"
  Can4 

*********************************************************************************************
OBJECT LIST SORTED BY ADDRESS
     Name                                      Addr   hSize   dSize     Ref    Section   RLIB
---------------------------------------------------------------------------------------------
     Regs                                         0      30      48       7   .abs_section_0
     Page                                        30       4       4       0   .abs_section_30
     Crg                                         34       C      12       0   .abs_section_34
     Tim0                                        40      40      64       0   .abs_section_40
     Atd0                                        80      20      32       6   .abs_section_80
     Pwm                                         A0      28      40      15   .abs_section_a0
     Sci0                                        C8       8       8       0   .abs_section_c8
     Sci1                                        D0       8       8       0   .abs_section_d0
     Spi0                                        D8       8       8       0   .abs_section_d8
     Iic                                         E0       8       8       0   .abs_section_e0
     Bdlc                                        E8       8       8       0   .abs_section_e8
     Spi1                                        F0       8       8       0   .abs_section_f0
     Spi2                                        F8       8       8       0   .abs_section_f8
     Flash                                      100      10      16       0   .abs_section_100
     Eeprom                                     110       C      12       0   .abs_section_110
     Atd1                                       120      20      32       0   .abs_section_120
     Can0                                       140      40      64       0   .abs_section_140
     Can1                                       180      40      64       0   .abs_section_180
     Can2                                       1C0      40      64       0   .abs_section_1c0
     Can3                                       200      40      64       0   .abs_section_200
     Pim                                        240      30      48       0   .abs_section_240
     Can4                                       280      40      64       0   .abs_section_280
     pbuf                                      1000       6       6      15   .bss        
     Init                                      4000      29      41       1   .init       
     _Startup                                  4029      10      16       0   .init       
     pow10                                     4048      28      40       6   .rodata     
     pow16                                     4070      20      32       4   .rodata     
     pow8                                      4090      2C      44       4   .rodata     
     fpow10                                    40BC      30      48       1   .rodata     
     fpow_10                                   40EC      30      48       1   .rodata     
     STRING..c.1                               411C       3       3       1   .rodata1    
     pwm_shutdown_isr                          411F       4       4       0   NON_BANKED  
     portp_isr                                 4123       4       4       0   NON_BANKED  
     mscan4_tx_isr                             4127       4       4       0   NON_BANKED  
     mscan4_rx_isr                             412B       4       4       0   NON_BANKED  
     mscan4_error_isr                          412F       4       4       0   NON_BANKED  
     mscan4_wakeup_isr                         4133       4       4       0   NON_BANKED  
     mscan3_tx_isr                             4137       4       4       0   NON_BANKED  
     mscan3_rx_isr                             413B       4       4       0   NON_BANKED  
     mscan3_error_isr                          413F       4       4       0   NON_BANKED  
     mscan3_wakeup_isr                         4143       4       4       0   NON_BANKED  
     mscan2_tx_isr                             4147       4       4       0   NON_BANKED  
     mscan2_rx_isr                             414B       4       4       0   NON_BANKED  
     mscan2_error_isr                          414F       4       4       0   NON_BANKED  
     mscan2_wakeup_isr                         4153       4       4       0   NON_BANKED  
     mscan1_tx_isr                             4157       4       4       0   NON_BANKED  
     mscan1_rx_isr                             415B       4       4       0   NON_BANKED  
     mscan1_error_isr                          415F       4       4       0   NON_BANKED  
     mscan1_wakeup_isr                         4163       4       4       0   NON_BANKED  
     mscan0_tx_isr                             4167       4       4       0   NON_BANKED  
     mscan0_rx_isr                             416B       4       4       0   NON_BANKED  
     mscan0_error_isr                          416F       4       4       0   NON_BANKED  
     mscan0_wakeup_isr                         4173       4       4       0   NON_BANKED  
     flash_isr                                 4177       4       4       0   NON_BANKED  
     eeprom_isr                                417B       4       4       0   NON_BANKED  
     spi2_isr                                  417F       4       4       0   NON_BANKED  
     spi1_isr                                  4183       4       4       0   NON_BANKED  
     iic_isr                                   4187       4       4       0   NON_BANKED  
     bdlc_isr                                  418B       4       4       0   NON_BANKED  
     crg_scm_isr                               418F       4       4       0   NON_BANKED  
     crg_pll_lock_isr                          4193       4       4       0   NON_BANKED  
     pa_b_overflow_isr                         4197       4       4       0   NON_BANKED  
     ect_mdc_isr                               419B       4       4       0   NON_BANKED  
     porth_isr                                 419F       4       4       0   NON_BANKED  
     portj_isr                                 41A3       4       4       0   NON_BANKED  
     atd1_isr                                  41A7       4       4       0   NON_BANKED  
     atd0_isr                                  41AB       4       4       0   NON_BANKED  
     sci1_isr                                  41AF       4       4       0   NON_BANKED  
     sci0_isr                                  41B3       4       4       0   NON_BANKED  
     spi0_isr                                  41B7       4       4       0   NON_BANKED  
     pa_a_edge_isr                             41BB       4       4       0   NON_BANKED  
     pa_a_overflow_isr                         41BF       4       4       0   NON_BANKED  
     ect_overflow_isr                          41C3       4       4       0   NON_BANKED  
     ect_ch7_isr                               41C7       4       4       0   NON_BANKED  
     ect_ch6_isr                               41CB       4       4       0   NON_BANKED  
     ect_ch5_isr                               41CF       4       4       0   NON_BANKED  
     ect_ch4_isr                               41D3       4       4       0   NON_BANKED  
     ect_ch3_isr                               41D7       4       4       0   NON_BANKED  
     ect_ch2_isr                               41DB       4       4       0   NON_BANKED  
     ect_ch1_isr                               41DF       4       4       0   NON_BANKED  
     ect_ch0_isr                               41E3       4       4       0   NON_BANKED  
     rti_isr                                   41E7       4       4       0   NON_BANKED  
     irq_isr                                   41EB       4       4       0   NON_BANKED  
     xirq_isr                                  41EF       4       4       0   NON_BANKED  
     swi_isr                                   41F3       4       4       0   NON_BANKED  
     trap_isr                                  41F7       4       4       0   NON_BANKED  
     cop_isr                                   41FB       4       4       0   NON_BANKED  
     clockmonitor_isr                          41FF       4       4       0   NON_BANKED  
     Ten                                       4203      AC     172       3   .text       
     vprintf                                   42AF     924    2340     110   .text       
     _out                                      4BD3       C      12      17   .text       
     deposit_char                              4BDF       F      15       1   .text       
     sprintf                                   4BEE      29      41       1   .text       
     software_trap                             4C17       2       2      57   .text       
     main                                      4C19      6C     108       0   .text       
     init_pwm                                  4C85      18      24       1   .text       
     set_pwm                                   4C9D      15      21       1   .text       
     init_atd0                                 4CB2      10      16       1   .text       
     get_atd0                                  4CC2      13      19       1   .text       
     convertADCLevel                           4CD5      56      86       1   .text       
     init_LCD                                  4D2B      18      24       1   .text       
     set_inst_register                         4D43      26      38       5   .text       
     write_data                                4D69      26      38       1   .text       
     write_string                              4D8F      2C      44       1   .text       
     ms_delay                                  4DBB      24      36       4   .text       
     F_ADDKL                                   4DDF      67     103       1   RUNTIME     
     _FADD                                     4E46      15      21       3   RUNTIME     
     _FSUB                                     4E5B      13      19       1   RUNTIME     
     _FNEG                                     4E6E       B      11       1   RUNTIME     
     F_FREXP                                   4E79      1F      31       1   RUNTIME     
     frexpf                                    4E98      19      25       1   RUNTIME     
     _FCMP                                     4EB1      26      38       2   RUNTIME     
     F_TOLONGK                                 4ED7      33      51       1   RUNTIME     
     F_FRLONGK                                 4F0A      1F      31       1   RUNTIME     
     _FUFLOAT                                  4F29      12      18       1   RUNTIME     
     _FSTRUNC                                  4F3B      11      17       1   RUNTIME     
     _FUTRUNC                                  4F4C       3       3       2   RUNTIME     
     F_MULKL                                   4F4F      58      88       1   RUNTIME     
     _FMUL                                     4FA7      14      20       7   RUNTIME     
     F_PULK                                    4FBB      15      21       3   RUNTIME     
     F_PULL                                    4FD0      15      21       3   RUNTIME     
     F_PSHK                                    4FE5      13      19       4   RUNTIME     
     F_TLK                                     4FF8       D      13       1   RUNTIME     
     F_XGKL                                    5005      21      33       2   RUNTIME     
     F_CLRK                                    5026       B      11       2   RUNTIME     
     F_MAXK                                    5031       9       9       1   RUNTIME     
     F_NORMK                                   503A      3E      62       3   RUNTIME     
     _BDIVMODS                                 5078       B      11       4   RUNTIME     
     _LCMP_P                                   5083      15      21       3   RUNTIME     
     _LNEG                                     5098       D      13       1   RUNTIME     
     _lDivMod                                  50A5      BE     190       2   RUNTIME     
     _LDIVU                                    5163       E      14       1   RUNTIME     
     _NEG_P                                    5171       F      15       1   RUNTIME     
     _LMODU                                    5180      11      17       1   RUNTIME     
     _ILSEXT                                   5191       7       7       2   RUNTIME     
     _CASE_DIRECT_BYTE                         5198       5       5       1   RUNTIME     
     _CASE_CHECKED_BYTE                        519D      14      20       1   RUNTIME     
     _CASE_SEARCH_8                            51B1      17      23       1   RUNTIME     
     _CASE_SEARCH_8_BYTE                       51C8      1A      26       1   RUNTIME     
     L_NEGK                                    51E2       7       7       1   RUNTIME     
     L_PSHK                                    51E9       8       8       1   RUNTIME     
     UL_PULK                                   51F1       3       3       1   RUNTIME     

*********************************************************************************************
UNUSED-OBJECTS SECTION
---------------------------------------------------------------------------------------------
NOT USED PROCEDURES
PRINTF.C.o (ansis.lib):
  set_printf vsprintf snprintf vsnprintf 
FADD.C.o (ansis.lib):
  _FINC _FDEC _FABS 
FANSI.C.o (ansis.lib):
  F_MODF F_LDEXP modff RetErrDom ldexpf 
FCONV.C.o (ansis.lib):
  _FSFLOAT 
FMUL.C.o (ansis.lib):
  F_DIVKL _FDIV 
FREGS.C.o (ansis.lib):
  F_STAL F_TKL F_CLRL 
rtshc12.c.o (ansis.lib):
  _BSHL _BSHRS _BSHRU _BDIVMODU _ISHL _ISHRU _ISHRS _LSHL _LSHRU _LSHRS _LADD 
  _LSUB _LAND _LOR _LXOR _LCMP _LCMP_PP _LCOM _LINC _LDEC _LMUL _LMULU16x32 
  _LMULS16x32 _LDIVS _LMODS _COPY _CASE_DIRECT _CASE_CHECKED _CASE_SEARCH 
  _CASE_SEARCH_BYTE _FCALL _FPCMP 
VREGS.C.o (ansis.lib):
  SL_PULK 
projectvectors.c.o:
  unused_isr 
NOT USED VARIABLES
FANSI.C.o (ansis.lib):
  infinity errno 
rtshc12.c.o (ansis.lib):
  _PowOfTwo_8 _PowOfTwo_16 _PowOfTwo_32 errno 

*********************************************************************************************
COPYDOWN SECTION
---------------------------------------------------------------------------------------------
------- ROM-ADDRESS: 0x51F4 ---- SIZE       2 ---
Filling bytes inserted
 0000

*********************************************************************************************
OBJECT-DEPENDENCIES SECTION
---------------------------------------------------------------------------------------------
Init                      USES _startupData 
_Startup                  USES _startupData __SEG_END_SSTACK Init 
pwm_shutdown_isr          USES software_trap 
portp_isr                 USES software_trap 
mscan4_tx_isr             USES software_trap 
mscan4_rx_isr             USES software_trap 
mscan4_error_isr          USES software_trap 
mscan4_wakeup_isr         USES software_trap 
mscan3_tx_isr             USES software_trap 
mscan3_rx_isr             USES software_trap 
mscan3_error_isr          USES software_trap 
mscan3_wakeup_isr         USES software_trap 
mscan2_tx_isr             USES software_trap 
mscan2_rx_isr             USES software_trap 
mscan2_error_isr          USES software_trap 
mscan2_wakeup_isr         USES software_trap 
mscan1_tx_isr             USES software_trap 
mscan1_rx_isr             USES software_trap 
mscan1_error_isr          USES software_trap 
mscan1_wakeup_isr         USES software_trap 
mscan0_tx_isr             USES software_trap 
mscan0_rx_isr             USES software_trap 
mscan0_error_isr          USES software_trap 
mscan0_wakeup_isr         USES software_trap 
flash_isr                 USES software_trap 
eeprom_isr                USES software_trap 
spi2_isr                  USES software_trap 
spi1_isr                  USES software_trap 
iic_isr                   USES software_trap 
bdlc_isr                  USES software_trap 
crg_scm_isr               USES software_trap 
crg_pll_lock_isr          USES software_trap 
pa_b_overflow_isr         USES software_trap 
ect_mdc_isr               USES software_trap 
porth_isr                 USES software_trap 
portj_isr                 USES software_trap 
atd1_isr                  USES software_trap 
atd0_isr                  USES software_trap 
sci1_isr                  USES software_trap 
sci0_isr                  USES software_trap 
spi0_isr                  USES software_trap 
pa_a_edge_isr             USES software_trap 
pa_a_overflow_isr         USES software_trap 
ect_overflow_isr          USES software_trap 
ect_ch7_isr               USES software_trap 
ect_ch6_isr               USES software_trap 
ect_ch5_isr               USES software_trap 
ect_ch4_isr               USES software_trap 
ect_ch3_isr               USES software_trap 
ect_ch2_isr               USES software_trap 
ect_ch1_isr               USES software_trap 
ect_ch0_isr               USES software_trap 
rti_isr                   USES software_trap 
irq_isr                   USES software_trap 
xirq_isr                  USES software_trap 
swi_isr                   USES software_trap 
trap_isr                  USES software_trap 
cop_isr                   USES software_trap 
clockmonitor_isr          USES software_trap 
Ten                       USES fpow10 fpow_10 Ten _FMUL 
vprintf                   USES vprintf _out _CASE_SEARCH_8_BYTE 
                                _CASE_DIRECT_BYTE _CASE_SEARCH_8 pbuf _ILSEXT _LNEG pow8 _LCMP_P 
                                pow16 pow10 _FNEG frexpf _FMUL _FADD _BDIVMODS Ten 
                                _FUTRUNC _FUFLOAT _FSUB _LDIVU _FCMP _LMODU 
_out                      USES pbuf 
deposit_char              USES pbuf 
sprintf                   USES pbuf deposit_char vprintf 
main                      USES init_atd0 init_pwm init_LCD get_atd0 
                                convertADCLevel STRING..c.1 sprintf write_string ms_delay 
                                _CASE_CHECKED_BYTE set_pwm 
init_pwm                  USES Pwm 
set_pwm                   USES Pwm 
init_atd0                 USES Atd0 
get_atd0                  USES Atd0 
init_LCD                  USES Regs set_inst_register 
set_inst_register         USES ms_delay Regs 
write_data                USES ms_delay Regs 
write_string              USES set_inst_register write_data 
F_ADDKL                   USES F_XGKL F_NORMK 
_FADD                     USES F_PULK F_PULL F_ADDKL F_PSHK 
_FSUB                     USES _FADD 
F_FREXP                   USES F_NORMK 
frexpf                    USES F_PULL F_TLK F_FREXP F_PSHK 
_FUFLOAT                  USES UL_PULK F_FRLONGK F_PSHK 
_FSTRUNC                  USES F_PULK F_TOLONGK L_PSHK 
_FUTRUNC                  USES _FSTRUNC 
F_MULKL                   USES F_CLRK F_NORMK 
_FMUL                     USES F_PULK F_PULL F_MULKL F_PSHK 
F_MAXK                    USES F_CLRK 
F_NORMK                   USES F_MAXK 
_LDIVU                    USES _lDivMod 
_LMODU                    USES _lDivMod 
L_NEGK                    USES _NEG_P 
L_PSHK                    USES L_NEGK 

*********************************************************************************************
DEPENDENCY TREE
*********************************************************************************************
 main and _Startup Group
 | 
 +- main                
 |  | 
 |  +- init_atd0           
 |  |    
 |  +- init_pwm            
 |  |    
 |  +- init_LCD            
 |  |  | 
 |  |  +- set_inst_register   
 |  |     | 
 |  |     +- ms_delay            
 |  |          
 |  +- get_atd0            
 |  |    
 |  +- convertADCLevel     
 |  |    
 |  +- sprintf             
 |  |  | 
 |  |  +- deposit_char        
 |  |  |    
 |  |  +- vprintf             
 |  |     | 
 |  |     +- _out                
 |  |     |    
 |  |     +- _CASE_SEARCH_8_BYTE 
 |  |     |    
 |  |     +- _CASE_DIRECT_BYTE   
 |  |     |    
 |  |     +- _CASE_SEARCH_8      
 |  |     |    
 |  |     +- _ILSEXT             
 |  |     |    
 |  |     +- _LNEG               
 |  |     |    
 |  |     +- _LCMP_P             
 |  |     |    
 |  |     +- _FNEG               
 |  |     |    
 |  |     +- frexpf              
 |  |     |  | 
 |  |     |  +- F_PULL              
 |  |     |  |    
 |  |     |  +- F_TLK               
 |  |     |  |    
 |  |     |  +- F_FREXP             
 |  |     |  |  | 
 |  |     |  |  +- F_NORMK             
 |  |     |  |     | 
 |  |     |  |     +- F_MAXK              
 |  |     |  |        | 
 |  |     |  |        +- F_CLRK              
 |  |     |  |             
 |  |     |  +- F_PSHK              
 |  |     |       
 |  |     +- _FMUL               
 |  |     |  | 
 |  |     |  +- F_PULK              
 |  |     |  |    
 |  |     |  +- F_PULL               (see above)
 |  |     |  |  
 |  |     |  +- F_MULKL             
 |  |     |  |  | 
 |  |     |  |  +- F_CLRK               (see above)
 |  |     |  |  |  
 |  |     |  |  +- F_NORMK              (see above)
 |  |     |  |     
 |  |     |  +- F_PSHK               (see above)
 |  |     |     
 |  |     +- _FADD               
 |  |     |  | 
 |  |     |  +- F_PULK               (see above)
 |  |     |  |  
 |  |     |  +- F_PULL               (see above)
 |  |     |  |  
 |  |     |  +- F_ADDKL             
 |  |     |  |  | 
 |  |     |  |  +- F_XGKL              
 |  |     |  |  |    
 |  |     |  |  +- F_NORMK              (see above)
 |  |     |  |     
 |  |     |  +- F_PSHK               (see above)
 |  |     |     
 |  |     +- _BDIVMODS           
 |  |     |    
 |  |     +- Ten                 
 |  |     |  | 
 |  |     |  +- _FMUL                (see above)
 |  |     |     
 |  |     +- _FUTRUNC            
 |  |     |  | 
 |  |     |  +- _FSTRUNC            
 |  |     |     | 
 |  |     |     +- F_PULK               (see above)
 |  |     |     |  
 |  |     |     +- F_TOLONGK           
 |  |     |     |    
 |  |     |     +- L_PSHK              
 |  |     |        | 
 |  |     |        +- L_NEGK              
 |  |     |           | 
 |  |     |           +- _NEG_P              
 |  |     |                
 |  |     +- _FUFLOAT            
 |  |     |  | 
 |  |     |  +- UL_PULK             
 |  |     |  |    
 |  |     |  +- F_FRLONGK           
 |  |     |  |    
 |  |     |  +- F_PSHK               (see above)
 |  |     |     
 |  |     +- _FSUB               
 |  |     |  | 
 |  |     |  +- _FADD                (see above)
 |  |     |     
 |  |     +- _LDIVU              
 |  |     |  | 
 |  |     |  +- _lDivMod            
 |  |     |       
 |  |     +- _FCMP               
 |  |     |    
 |  |     +- _LMODU              
 |  |        | 
 |  |        +- _lDivMod             (see above)
 |  |           
 |  +- write_string        
 |  |  | 
 |  |  +- set_inst_register    (see above)
 |  |  |  
 |  |  +- write_data          
 |  |     | 
 |  |     +- ms_delay             (see above)
 |  |        
 |  +- ms_delay             (see above)
 |  |  
 |  +- _CASE_CHECKED_BYTE  
 |  |    
 |  +- set_pwm             
 |       
 +- _Startup            
    | 
    +- Init                
         
 clockmonitor_isr    
 | 
 +- software_trap       
      
 cop_isr             
 | 
 +- software_trap        (see above)
    
 trap_isr            
 | 
 +- software_trap        (see above)
    
 swi_isr             
 | 
 +- software_trap        (see above)
    
 xirq_isr            
 | 
 +- software_trap        (see above)
    
 irq_isr             
 | 
 +- software_trap        (see above)
    
 rti_isr             
 | 
 +- software_trap        (see above)
    
 ect_ch0_isr         
 | 
 +- software_trap        (see above)
    
 ect_ch1_isr         
 | 
 +- software_trap        (see above)
    
 ect_ch2_isr         
 | 
 +- software_trap        (see above)
    
 ect_ch3_isr         
 | 
 +- software_trap        (see above)
    
 ect_ch4_isr         
 | 
 +- software_trap        (see above)
    
 ect_ch5_isr         
 | 
 +- software_trap        (see above)
    
 ect_ch6_isr         
 | 
 +- software_trap        (see above)
    
 ect_ch7_isr         
 | 
 +- software_trap        (see above)
    
 ect_overflow_isr    
 | 
 +- software_trap        (see above)
    
 pa_a_overflow_isr   
 | 
 +- software_trap        (see above)
    
 pa_a_edge_isr       
 | 
 +- software_trap        (see above)
    
 spi0_isr            
 | 
 +- software_trap        (see above)
    
 sci0_isr            
 | 
 +- software_trap        (see above)
    
 sci1_isr            
 | 
 +- software_trap        (see above)
    
 atd0_isr            
 | 
 +- software_trap        (see above)
    
 atd1_isr            
 | 
 +- software_trap        (see above)
    
 portj_isr           
 | 
 +- software_trap        (see above)
    
 porth_isr           
 | 
 +- software_trap        (see above)
    
 ect_mdc_isr         
 | 
 +- software_trap        (see above)
    
 pa_b_overflow_isr   
 | 
 +- software_trap        (see above)
    
 crg_pll_lock_isr    
 | 
 +- software_trap        (see above)
    
 crg_scm_isr         
 | 
 +- software_trap        (see above)
    
 bdlc_isr            
 | 
 +- software_trap        (see above)
    
 iic_isr             
 | 
 +- software_trap        (see above)
    
 spi1_isr            
 | 
 +- software_trap        (see above)
    
 spi2_isr            
 | 
 +- software_trap        (see above)
    
 eeprom_isr          
 | 
 +- software_trap        (see above)
    
 flash_isr           
 | 
 +- software_trap        (see above)
    
 mscan0_wakeup_isr   
 | 
 +- software_trap        (see above)
    
 mscan0_error_isr    
 | 
 +- software_trap        (see above)
    
 mscan0_rx_isr       
 | 
 +- software_trap        (see above)
    
 mscan0_tx_isr       
 | 
 +- software_trap        (see above)
    
 mscan1_wakeup_isr   
 | 
 +- software_trap        (see above)
    
 mscan1_error_isr    
 | 
 +- software_trap        (see above)
    
 mscan1_rx_isr       
 | 
 +- software_trap        (see above)
    
 mscan1_tx_isr       
 | 
 +- software_trap        (see above)
    
 mscan2_wakeup_isr   
 | 
 +- software_trap        (see above)
    
 mscan2_error_isr    
 | 
 +- software_trap        (see above)
    
 mscan2_rx_isr       
 | 
 +- software_trap        (see above)
    
 mscan2_tx_isr       
 | 
 +- software_trap        (see above)
    
 mscan3_wakeup_isr   
 | 
 +- software_trap        (see above)
    
 mscan3_error_isr    
 | 
 +- software_trap        (see above)
    
 mscan3_rx_isr       
 | 
 +- software_trap        (see above)
    
 mscan3_tx_isr       
 | 
 +- software_trap        (see above)
    
 mscan4_wakeup_isr   
 | 
 +- software_trap        (see above)
    
 mscan4_error_isr    
 | 
 +- software_trap        (see above)
    
 mscan4_rx_isr       
 | 
 +- software_trap        (see above)
    
 mscan4_tx_isr       
 | 
 +- software_trap        (see above)
    
 portp_isr           
 | 
 +- software_trap        (see above)
    
 pwm_shutdown_isr    
 | 
 +- software_trap        (see above)
    
*********************************************************************************************
STATISTIC SECTION
---------------------------------------------------------------------------------------------

ExeFile:
--------
Number of blocks to be downloaded: 6
Total size of all blocks to be downloaded: 4714

