*** EVALUATION ***
PROGRAM "C:\Users\Jihwan\Desktop\Dev\Embedded\Freescale_마이크로프로세서실험\Projects\2015312911_김지환_실습6_코드_2\bin\Flash_Application.abs"

*********************************************************************************************
TARGET SECTION
---------------------------------------------------------------------------------------------
Processor   : Freescale HC12
Memory Model: SMALL
File Format : ELF\DWARF 2.0
Linker      : SmartLinker V-5.0.52 Build 15249, Sep  7 2015

*********************************************************************************************
FILE SECTION
---------------------------------------------------------------------------------------------
START12.C.o                             Model: SMALL,         Lang: ANSI-C,        Compiler Version: ANSI-C/cC++ Compiler for HC12 V-5.0.46 Build 15249, Sep  7 2015
rtshc12.c.o (ansis.lib)                 Model: SMALL,         Lang: ANSI-C,        Compiler Version: ANSI-C/cC++ Compiler for HC12 V-5.0.46 Build 15249, Sep  7 2015
projectvectors.c.o                      Model: SMALL,         Lang: ANSI-C,        Compiler Version: ANSI-C/cC++ Compiler for HC12 V-5.0.46 Build 15249, Sep  7 2015
main.c.o                                Model: SMALL,         Lang: ANSI-C,        Compiler Version: ANSI-C/cC++ Compiler for HC12 V-5.0.46 Build 15249, Sep  7 2015
per_DP256_K79X.c.o                      Model: SMALL,         Lang: ANSI-C,        Compiler Version: ANSI-C/cC++ Compiler for HC12 V-5.0.46 Build 15249, Sep  7 2015
sci.c.o                                 Model: SMALL,         Lang: ANSI-C,        Compiler Version: ANSI-C/cC++ Compiler for HC12 V-5.0.46 Build 15249, Sep  7 2015
interrupt.c.o                           Model: SMALL,         Lang: ANSI-C,        Compiler Version: ANSI-C/cC++ Compiler for HC12 V-5.0.46 Build 15249, Sep  7 2015
lcd.c.o                                 Model: SMALL,         Lang: ANSI-C,        Compiler Version: ANSI-C/cC++ Compiler for HC12 V-5.0.46 Build 15249, Sep  7 2015

*********************************************************************************************
STARTUP SECTION
---------------------------------------------------------------------------------------------
Entry point: 0x4029 (_Startup)
_startupData is allocated at 0x4039 and uses 11 Bytes
extern struct _tagStartup {
  unsigned flags          0
  _PFunc   main           0x4138    (main)
  long     stackOffset    0x141B
  unsigned nofZeroOut     1
  _Range   pZeroOut       0x1000     28
  _Copy    *toCopyDownBeg 0x4324
} _startupData;

*********************************************************************************************
SECTION-ALLOCATION SECTION
Section Name                    Size  Type     From       To       Segment
---------------------------------------------------------------------------------------------
.init                             57     R     0x4000     0x4038   ROM_4000
.startData                        15     R     0x4039     0x4047   ROM_4000
.rodata1                          10     R     0x4048     0x4051   ROM_4000
NON_BANKED                       228     R     0x4052     0x4135   ROM_4000
.text                            474     R     0x4136     0x430F   ROM_4000
.copy                              7     R     0x4324     0x432A   ROM_4000
.data                              1   R/W     0x1000     0x1000   RAM
.abs_section_0                    48   N/I        0x0       0x2F   .absSeg0
.abs_section_30                    4   N/I       0x30       0x33   .absSeg1
.abs_section_34                   12   N/I       0x34       0x3F   .absSeg2
.abs_section_40                   64   N/I       0x40       0x7F   .absSeg3
.abs_section_80                   32   N/I       0x80       0x9F   .absSeg4
.abs_section_a0                   40   N/I       0xA0       0xC7   .absSeg5
.abs_section_c8                    8   N/I       0xC8       0xCF   .absSeg6
.abs_section_d0                    8   N/I       0xD0       0xD7   .absSeg7
.abs_section_d8                    8   N/I       0xD8       0xDF   .absSeg8
.abs_section_e0                    8   N/I       0xE0       0xE7   .absSeg9
.abs_section_e8                    8   N/I       0xE8       0xEF   .absSeg10
.abs_section_f0                    8   N/I       0xF0       0xF7   .absSeg11
.abs_section_f8                    8   N/I       0xF8       0xFF   .absSeg12
.abs_section_100                  16   N/I      0x100      0x10F   .absSeg13
.abs_section_110                  12   N/I      0x110      0x11B   .absSeg14
.abs_section_120                  32   N/I      0x120      0x13F   .absSeg15
.abs_section_140                  64   N/I      0x140      0x17F   .absSeg16
.abs_section_180                  64   N/I      0x180      0x1BF   .absSeg17
.abs_section_1c0                  64   N/I      0x1C0      0x1FF   .absSeg18
.abs_section_200                  64   N/I      0x200      0x23F   .absSeg19
.abs_section_240                  48   N/I      0x240      0x26F   .absSeg20
.abs_section_280                  64   N/I      0x280      0x2BF   .absSeg21
.bss                              10   R/W     0x1001     0x100A   RAM
.common                           17   R/W     0x100B     0x101B   RAM
RUNTIME                           20     R     0x4310     0x4323   ROM_4000
.stack                          1024   R/W     0x101C     0x141B   RAM
.vectSeg22_vect                  116     R     0xFF8C     0xFFFF   .vectSeg22

Summary of section sizes per section type:
READ_ONLY (R):         39F (dec:      927)
READ_WRITE (R/W):      41C (dec:     1052)
NO_INIT (N/I):         2AC (dec:      684)

*********************************************************************************************
VECTOR-ALLOCATION SECTION
    Address     InitValue   InitFunction
---------------------------------------------------------------------------------------------
     0xFF8C        0x4052   pwm_shutdown_isr
     0xFF8E        0x4056   portp_isr
     0xFF90        0x405A   mscan4_tx_isr
     0xFF92        0x405E   mscan4_rx_isr
     0xFF94        0x4062   mscan4_error_isr
     0xFF96        0x4066   mscan4_wakeup_isr
     0xFF98        0x406A   mscan3_tx_isr
     0xFF9A        0x406E   mscan3_rx_isr
     0xFF9C        0x4072   mscan3_error_isr
     0xFF9E        0x4076   mscan3_wakeup_isr
     0xFFA0        0x407A   mscan2_tx_isr
     0xFFA2        0x407E   mscan2_rx_isr
     0xFFA4        0x4082   mscan2_error_isr
     0xFFA6        0x4086   mscan2_wakeup_isr
     0xFFA8        0x408A   mscan1_tx_isr
     0xFFAA        0x408E   mscan1_rx_isr
     0xFFAC        0x4092   mscan1_error_isr
     0xFFAE        0x4096   mscan1_wakeup_isr
     0xFFB0        0x409A   mscan0_tx_isr
     0xFFB2        0x409E   mscan0_rx_isr
     0xFFB4        0x40A2   mscan0_error_isr
     0xFFB6        0x40A6   mscan0_wakeup_isr
     0xFFB8        0x40AA   flash_isr
     0xFFBA        0x40AE   eeprom_isr
     0xFFBC        0x40B2   spi2_isr
     0xFFBE        0x40B6   spi1_isr
     0xFFC0        0x40BA   iic_isr
     0xFFC2        0x40BE   bdlc_isr
     0xFFC4        0x40C2   crg_scm_isr
     0xFFC6        0x40C6   crg_pll_lock_isr
     0xFFC8        0x40CA   pa_b_overflow_isr
     0xFFCA        0x40CE   ect_mdc_isr
     0xFFCC        0x40D2   porth_isr
     0xFFCE        0x40D6   portj_isr
     0xFFD0        0x40DA   atd1_isr
     0xFFD2        0x40DE   atd0_isr
     0xFFD4        0x40E2   sci1_isr
     0xFFD6        0x40E6   sci0_isr
     0xFFD8        0x40EA   spi0_isr
     0xFFDA        0x40EE   pa_a_edge_isr
     0xFFDC        0x40F2   pa_a_overflow_isr
     0xFFDE        0x40F6   ect_overflow_isr
     0xFFE0        0x40FA   ect_ch7_isr
     0xFFE2        0x40FE   ect_ch6_isr
     0xFFE4        0x4102   ect_ch5_isr
     0xFFE6        0x4106   ect_ch4_isr
     0xFFE8        0x410A   ect_ch3_isr
     0xFFEA        0x410E   ect_ch2_isr
     0xFFEC        0x4112   ect_ch1_isr
     0xFFEE        0x4116   ect_ch0_isr
     0xFFF0        0x411A   rti_isr
     0xFFF2        0x411E   irq_isr
     0xFFF4        0x4122   xirq_isr
     0xFFF6        0x4126   swi_isr
     0xFFF8        0x412A   trap_isr
     0xFFFA        0x412E   cop_isr
     0xFFFC        0x4132   clockmonitor_isr
     0xFFFE        0x4029   _Startup

*********************************************************************************************
OBJECT-ALLOCATION SECTION
     Name               Module                 Addr   hSize   dSize     Ref    Section   RLIB
---------------------------------------------------------------------------------------------
MODULE:                 -- START12.C.o --
- PROCEDURES:
     Init                                      4000      29      41       1   .init       
     _Startup                                  4029      10      16       0   .init       
- VARIABLES:
     _startupData                              4039       B      11       5   .startData  
- LABELS:
     __SEG_END_SSTACK                          141C       0       0       1               
MODULE:                 -- rtshc12.c.o (ansis.lib) --
- PROCEDURES:
     _CASE_CHECKED_BYTE                        4310      14      20       1   RUNTIME     
- VARIABLES:
MODULE:                 -- projectvectors.c.o --
- PROCEDURES:
     software_trap                             4136       2       2      54   .text       
     pwm_shutdown_isr                          4052       4       4       0   NON_BANKED  
     portp_isr                                 4056       4       4       0   NON_BANKED  
     mscan4_tx_isr                             405A       4       4       0   NON_BANKED  
     mscan4_rx_isr                             405E       4       4       0   NON_BANKED  
     mscan4_error_isr                          4062       4       4       0   NON_BANKED  
     mscan4_wakeup_isr                         4066       4       4       0   NON_BANKED  
     mscan3_tx_isr                             406A       4       4       0   NON_BANKED  
     mscan3_rx_isr                             406E       4       4       0   NON_BANKED  
     mscan3_error_isr                          4072       4       4       0   NON_BANKED  
     mscan3_wakeup_isr                         4076       4       4       0   NON_BANKED  
     mscan2_tx_isr                             407A       4       4       0   NON_BANKED  
     mscan2_rx_isr                             407E       4       4       0   NON_BANKED  
     mscan2_error_isr                          4082       4       4       0   NON_BANKED  
     mscan2_wakeup_isr                         4086       4       4       0   NON_BANKED  
     mscan1_tx_isr                             408A       4       4       0   NON_BANKED  
     mscan1_rx_isr                             408E       4       4       0   NON_BANKED  
     mscan1_error_isr                          4092       4       4       0   NON_BANKED  
     mscan1_wakeup_isr                         4096       4       4       0   NON_BANKED  
     mscan0_tx_isr                             409A       4       4       0   NON_BANKED  
     mscan0_rx_isr                             409E       4       4       0   NON_BANKED  
     mscan0_error_isr                          40A2       4       4       0   NON_BANKED  
     mscan0_wakeup_isr                         40A6       4       4       0   NON_BANKED  
     flash_isr                                 40AA       4       4       0   NON_BANKED  
     eeprom_isr                                40AE       4       4       0   NON_BANKED  
     spi2_isr                                  40B2       4       4       0   NON_BANKED  
     spi1_isr                                  40B6       4       4       0   NON_BANKED  
     iic_isr                                   40BA       4       4       0   NON_BANKED  
     bdlc_isr                                  40BE       4       4       0   NON_BANKED  
     crg_scm_isr                               40C2       4       4       0   NON_BANKED  
     crg_pll_lock_isr                          40C6       4       4       0   NON_BANKED  
     pa_b_overflow_isr                         40CA       4       4       0   NON_BANKED  
     ect_mdc_isr                               40CE       4       4       0   NON_BANKED  
     porth_isr                                 40D2       4       4       0   NON_BANKED  
     portj_isr                                 40D6       4       4       0   NON_BANKED  
     atd1_isr                                  40DA       4       4       0   NON_BANKED  
     atd0_isr                                  40DE       4       4       0   NON_BANKED  
     sci1_isr                                  40E2       4       4       0   NON_BANKED  
     sci0_isr                                  40E6       4       4       0   NON_BANKED  
     spi0_isr                                  40EA       4       4       0   NON_BANKED  
     pa_a_edge_isr                             40EE       4       4       0   NON_BANKED  
     pa_a_overflow_isr                         40F2       4       4       0   NON_BANKED  
     ect_overflow_isr                          40F6       4       4       0   NON_BANKED  
     ect_ch7_isr                               40FA       4       4       0   NON_BANKED  
     ect_ch6_isr                               40FE       4       4       0   NON_BANKED  
     ect_ch5_isr                               4102       4       4       0   NON_BANKED  
     ect_ch4_isr                               4106       4       4       0   NON_BANKED  
     ect_ch3_isr                               410A       4       4       0   NON_BANKED  
     ect_ch2_isr                               410E       4       4       0   NON_BANKED  
     ect_ch1_isr                               4112       4       4       0   NON_BANKED  
     ect_ch0_isr                               4116       4       4       0   NON_BANKED  
     rti_isr                                   411A       4       4       0   NON_BANKED  
     irq_isr                                   411E       4       4       0   NON_BANKED  
     xirq_isr                                  4122       4       4       0   NON_BANKED  
     swi_isr                                   4126       4       4       0   NON_BANKED  
     trap_isr                                  412A       4       4       0   NON_BANKED  
     cop_isr                                   412E       4       4       0   NON_BANKED  
     clockmonitor_isr                          4132       4       4       0   NON_BANKED  
- VARIABLES:
MODULE:                 -- main.c.o --
- PROCEDURES:
     main                                      4138      38      56       0   .text       
- VARIABLES:
     STRING.A.1                                4048       2       2       1   .rodata1    
     STRING.SCI.OK..2                          404A       8       8       1   .rodata1    
     RX                                        100B       B      11       1   .common     
MODULE:                 -- per_DP256_K79X.c.o --
- PROCEDURES:
- VARIABLES:
     Regs                                         0      30      48      12   .abs_section_0
     Page                                        30       4       4       0   .abs_section_30
     Crg                                         34       C      12       0   .abs_section_34
     Tim0                                        40      40      64       0   .abs_section_40
     Atd0                                        80      20      32       0   .abs_section_80
     Pwm                                         A0      28      40       0   .abs_section_a0
     Sci0                                        C8       8       8       9   .abs_section_c8
     Sci1                                        D0       8       8       0   .abs_section_d0
     Spi0                                        D8       8       8       0   .abs_section_d8
     Iic                                         E0       8       8       0   .abs_section_e0
     Bdlc                                        E8       8       8       0   .abs_section_e8
     Spi1                                        F0       8       8       0   .abs_section_f0
     Spi2                                        F8       8       8       0   .abs_section_f8
     Flash                                      100      10      16       0   .abs_section_100
     Eeprom                                     110       C      12       0   .abs_section_110
     Atd1                                       120      20      32       0   .abs_section_120
     Can0                                       140      40      64       0   .abs_section_140
     Can1                                       180      40      64       0   .abs_section_180
     Can2                                       1C0      40      64       0   .abs_section_1c0
     Can3                                       200      40      64       0   .abs_section_200
     Pim                                        240      30      48      10   .abs_section_240
     Can4                                       280      40      64       0   .abs_section_280
MODULE:                 -- sci.c.o --
- PROCEDURES:
     init_sci0                                 4170      15      21       1   .text       
     write_sci0                                4185       7       7       2   .text       
     sci0_handler                              418C      60      96       1   .text       
- VARIABLES:
     txbuffer_sci0                             1016       2       2       5   .common     
     txoffset_sci0                             1018       2       2       1   .common     
     rxbuffer_sci0                             101A       2       2       2   .common     
MODULE:                 -- interrupt.c.o --
- PROCEDURES:
     ini_interrupt                             41EC       C      12       1   .text       
     interruptJ_function                       41F8      5E      94       1   .text       
     interruptX_function                       4256       6       6       1   .text       
- VARIABLES:
     alphabet                                  1000       1       1       8   .data       
     position                                  1001       2       2       2   .bss        
     str1                                      1003       8       8       3   .bss        
MODULE:                 -- lcd.c.o --
- PROCEDURES:
     init_LCD                                  425C      18      24       1   .text       
     set_inst_register                         4274      26      38       5   .text       
     write_data                                429A      26      38       1   .text       
     write_string                              42C0      2C      44       2   .text       
     ms_delay                                  42EC      24      36       2   .text       
- VARIABLES:

*********************************************************************************************
MODULE STATISTIC
  Name                                      Data   Code  Const
---------------------------------------------------------------------------------------------
  START12.C.o                                  0     57      0
  rtshc12.c.o (ansis.lib)                      0     20      0
  projectvectors.c.o                           0    230      0
  main.c.o                                    11     56     10
  per_DP256_K79X.c.o                         684      0      0
  sci.c.o                                      6    124      0
  interrupt.c.o                               11    112      0
  lcd.c.o                                      0    180      0
  other                                     1024    131      7

*********************************************************************************************
SECTION USE IN OBJECT-ALLOCATION SECTION
---------------------------------------------------------------------------------------------
SECTION: ".text"
  software_trap main init_sci0 write_sci0 sci0_handler ini_interrupt 
  interruptJ_function interruptX_function init_LCD set_inst_register write_data 
  write_string ms_delay 
SECTION: ".data"
  alphabet 
SECTION: ".bss"
  position str1 
SECTION: ".init"
  Init _Startup 
SECTION: ".rodata1"
  STRING.A.1 STRING.SCI.OK..2 
SECTION: "NON_BANKED"
  pwm_shutdown_isr portp_isr mscan4_tx_isr mscan4_rx_isr mscan4_error_isr 
  mscan4_wakeup_isr mscan3_tx_isr mscan3_rx_isr mscan3_error_isr 
  mscan3_wakeup_isr mscan2_tx_isr mscan2_rx_isr mscan2_error_isr 
  mscan2_wakeup_isr mscan1_tx_isr mscan1_rx_isr mscan1_error_isr 
  mscan1_wakeup_isr mscan0_tx_isr mscan0_rx_isr mscan0_error_isr 
  mscan0_wakeup_isr flash_isr eeprom_isr spi2_isr spi1_isr iic_isr bdlc_isr 
  crg_scm_isr crg_pll_lock_isr pa_b_overflow_isr ect_mdc_isr porth_isr 
  portj_isr atd1_isr atd0_isr sci1_isr sci0_isr spi0_isr pa_a_edge_isr 
  pa_a_overflow_isr ect_overflow_isr ect_ch7_isr ect_ch6_isr ect_ch5_isr 
  ect_ch4_isr ect_ch3_isr ect_ch2_isr ect_ch1_isr ect_ch0_isr rti_isr irq_isr 
  xirq_isr swi_isr trap_isr cop_isr clockmonitor_isr 
SECTION: ".common"
  RX txbuffer_sci0 txoffset_sci0 rxbuffer_sci0 
SECTION: "RUNTIME"
  _CASE_CHECKED_BYTE 
SECTION: ".abs_section_0"
  Regs 
SECTION: ".abs_section_30"
  Page 
SECTION: ".abs_section_34"
  Crg 
SECTION: ".abs_section_40"
  Tim0 
SECTION: ".abs_section_80"
  Atd0 
SECTION: ".abs_section_a0"
  Pwm 
SECTION: ".abs_section_c8"
  Sci0 
SECTION: ".abs_section_d0"
  Sci1 
SECTION: ".abs_section_d8"
  Spi0 
SECTION: ".abs_section_e0"
  Iic 
SECTION: ".abs_section_e8"
  Bdlc 
SECTION: ".abs_section_f0"
  Spi1 
SECTION: ".abs_section_f8"
  Spi2 
SECTION: ".abs_section_100"
  Flash 
SECTION: ".abs_section_110"
  Eeprom 
SECTION: ".abs_section_120"
  Atd1 
SECTION: ".abs_section_140"
  Can0 
SECTION: ".abs_section_180"
  Can1 
SECTION: ".abs_section_1c0"
  Can2 
SECTION: ".abs_section_200"
  Can3 
SECTION: ".abs_section_240"
  Pim 
SECTION: ".abs_section_280"
  Can4 

*********************************************************************************************
OBJECT LIST SORTED BY ADDRESS
     Name                                      Addr   hSize   dSize     Ref    Section   RLIB
---------------------------------------------------------------------------------------------
     Regs                                         0      30      48      12   .abs_section_0
     Page                                        30       4       4       0   .abs_section_30
     Crg                                         34       C      12       0   .abs_section_34
     Tim0                                        40      40      64       0   .abs_section_40
     Atd0                                        80      20      32       0   .abs_section_80
     Pwm                                         A0      28      40       0   .abs_section_a0
     Sci0                                        C8       8       8       9   .abs_section_c8
     Sci1                                        D0       8       8       0   .abs_section_d0
     Spi0                                        D8       8       8       0   .abs_section_d8
     Iic                                         E0       8       8       0   .abs_section_e0
     Bdlc                                        E8       8       8       0   .abs_section_e8
     Spi1                                        F0       8       8       0   .abs_section_f0
     Spi2                                        F8       8       8       0   .abs_section_f8
     Flash                                      100      10      16       0   .abs_section_100
     Eeprom                                     110       C      12       0   .abs_section_110
     Atd1                                       120      20      32       0   .abs_section_120
     Can0                                       140      40      64       0   .abs_section_140
     Can1                                       180      40      64       0   .abs_section_180
     Can2                                       1C0      40      64       0   .abs_section_1c0
     Can3                                       200      40      64       0   .abs_section_200
     Pim                                        240      30      48      10   .abs_section_240
     Can4                                       280      40      64       0   .abs_section_280
     alphabet                                  1000       1       1       8   .data       
     position                                  1001       2       2       2   .bss        
     str1                                      1003       8       8       3   .bss        
     RX                                        100B       B      11       1   .common     
     txbuffer_sci0                             1016       2       2       5   .common     
     txoffset_sci0                             1018       2       2       1   .common     
     rxbuffer_sci0                             101A       2       2       2   .common     
     Init                                      4000      29      41       1   .init       
     _Startup                                  4029      10      16       0   .init       
     STRING.A.1                                4048       2       2       1   .rodata1    
     STRING.SCI.OK..2                          404A       8       8       1   .rodata1    
     pwm_shutdown_isr                          4052       4       4       0   NON_BANKED  
     portp_isr                                 4056       4       4       0   NON_BANKED  
     mscan4_tx_isr                             405A       4       4       0   NON_BANKED  
     mscan4_rx_isr                             405E       4       4       0   NON_BANKED  
     mscan4_error_isr                          4062       4       4       0   NON_BANKED  
     mscan4_wakeup_isr                         4066       4       4       0   NON_BANKED  
     mscan3_tx_isr                             406A       4       4       0   NON_BANKED  
     mscan3_rx_isr                             406E       4       4       0   NON_BANKED  
     mscan3_error_isr                          4072       4       4       0   NON_BANKED  
     mscan3_wakeup_isr                         4076       4       4       0   NON_BANKED  
     mscan2_tx_isr                             407A       4       4       0   NON_BANKED  
     mscan2_rx_isr                             407E       4       4       0   NON_BANKED  
     mscan2_error_isr                          4082       4       4       0   NON_BANKED  
     mscan2_wakeup_isr                         4086       4       4       0   NON_BANKED  
     mscan1_tx_isr                             408A       4       4       0   NON_BANKED  
     mscan1_rx_isr                             408E       4       4       0   NON_BANKED  
     mscan1_error_isr                          4092       4       4       0   NON_BANKED  
     mscan1_wakeup_isr                         4096       4       4       0   NON_BANKED  
     mscan0_tx_isr                             409A       4       4       0   NON_BANKED  
     mscan0_rx_isr                             409E       4       4       0   NON_BANKED  
     mscan0_error_isr                          40A2       4       4       0   NON_BANKED  
     mscan0_wakeup_isr                         40A6       4       4       0   NON_BANKED  
     flash_isr                                 40AA       4       4       0   NON_BANKED  
     eeprom_isr                                40AE       4       4       0   NON_BANKED  
     spi2_isr                                  40B2       4       4       0   NON_BANKED  
     spi1_isr                                  40B6       4       4       0   NON_BANKED  
     iic_isr                                   40BA       4       4       0   NON_BANKED  
     bdlc_isr                                  40BE       4       4       0   NON_BANKED  
     crg_scm_isr                               40C2       4       4       0   NON_BANKED  
     crg_pll_lock_isr                          40C6       4       4       0   NON_BANKED  
     pa_b_overflow_isr                         40CA       4       4       0   NON_BANKED  
     ect_mdc_isr                               40CE       4       4       0   NON_BANKED  
     porth_isr                                 40D2       4       4       0   NON_BANKED  
     portj_isr                                 40D6       4       4       0   NON_BANKED  
     atd1_isr                                  40DA       4       4       0   NON_BANKED  
     atd0_isr                                  40DE       4       4       0   NON_BANKED  
     sci1_isr                                  40E2       4       4       0   NON_BANKED  
     sci0_isr                                  40E6       4       4       0   NON_BANKED  
     spi0_isr                                  40EA       4       4       0   NON_BANKED  
     pa_a_edge_isr                             40EE       4       4       0   NON_BANKED  
     pa_a_overflow_isr                         40F2       4       4       0   NON_BANKED  
     ect_overflow_isr                          40F6       4       4       0   NON_BANKED  
     ect_ch7_isr                               40FA       4       4       0   NON_BANKED  
     ect_ch6_isr                               40FE       4       4       0   NON_BANKED  
     ect_ch5_isr                               4102       4       4       0   NON_BANKED  
     ect_ch4_isr                               4106       4       4       0   NON_BANKED  
     ect_ch3_isr                               410A       4       4       0   NON_BANKED  
     ect_ch2_isr                               410E       4       4       0   NON_BANKED  
     ect_ch1_isr                               4112       4       4       0   NON_BANKED  
     ect_ch0_isr                               4116       4       4       0   NON_BANKED  
     rti_isr                                   411A       4       4       0   NON_BANKED  
     irq_isr                                   411E       4       4       0   NON_BANKED  
     xirq_isr                                  4122       4       4       0   NON_BANKED  
     swi_isr                                   4126       4       4       0   NON_BANKED  
     trap_isr                                  412A       4       4       0   NON_BANKED  
     cop_isr                                   412E       4       4       0   NON_BANKED  
     clockmonitor_isr                          4132       4       4       0   NON_BANKED  
     software_trap                             4136       2       2      54   .text       
     main                                      4138      38      56       0   .text       
     init_sci0                                 4170      15      21       1   .text       
     write_sci0                                4185       7       7       2   .text       
     sci0_handler                              418C      60      96       1   .text       
     ini_interrupt                             41EC       C      12       1   .text       
     interruptJ_function                       41F8      5E      94       1   .text       
     interruptX_function                       4256       6       6       1   .text       
     init_LCD                                  425C      18      24       1   .text       
     set_inst_register                         4274      26      38       5   .text       
     write_data                                429A      26      38       1   .text       
     write_string                              42C0      2C      44       2   .text       
     ms_delay                                  42EC      24      36       2   .text       
     _CASE_CHECKED_BYTE                        4310      14      20       1   RUNTIME     

*********************************************************************************************
UNUSED-OBJECTS SECTION
---------------------------------------------------------------------------------------------
NOT USED PROCEDURES
rtshc12.c.o (ansis.lib):
  _BSHL _BSHRS _BSHRU _BDIVMODU _BDIVMODS _ISHL _ISHRU _ISHRS _LSHL _LSHRU 
  _LSHRS _LADD _LSUB _LAND _LOR _LXOR _LCMP _LCMP_P _LCMP_PP _LNEG _LCOM _LINC 
  _LDEC _LMUL _LMULU16x32 _LMULS16x32 _lDivMod _LDIVU _NEG_P _LDIVS _LMODU 
  _LMODS _ILSEXT _COPY _CASE_DIRECT _CASE_DIRECT_BYTE _CASE_CHECKED 
  _CASE_SEARCH _CASE_SEARCH_BYTE _CASE_SEARCH_8 _CASE_SEARCH_8_BYTE _FCALL 
  _FPCMP 
projectvectors.c.o:
  unused_isr 
NOT USED VARIABLES
rtshc12.c.o (ansis.lib):
  _PowOfTwo_8 _PowOfTwo_16 _PowOfTwo_32 errno 
interrupt.c.o:
  cnt1 str2 str3 

*********************************************************************************************
COPYDOWN SECTION
---------------------------------------------------------------------------------------------
------- ROM-ADDRESS: 0x4324 ---- SIZE       4 ---
Filling bytes inserted
 00011000
------- ROM-ADDRESS: 0x4328 ---- RAM-ADDRESS: 0x1000 ---- SIZE       1 ---
Name of initialized Object : alphabet
 41
------- ROM-ADDRESS: 0x4329 ---- SIZE       2 ---
Filling bytes inserted
 0000

*********************************************************************************************
OBJECT-DEPENDENCIES SECTION
---------------------------------------------------------------------------------------------
Init                      USES _startupData 
_Startup                  USES _startupData __SEG_END_SSTACK Init 
pwm_shutdown_isr          USES software_trap 
portp_isr                 USES software_trap 
mscan4_tx_isr             USES software_trap 
mscan4_rx_isr             USES software_trap 
mscan4_error_isr          USES software_trap 
mscan4_wakeup_isr         USES software_trap 
mscan3_tx_isr             USES software_trap 
mscan3_rx_isr             USES software_trap 
mscan3_error_isr          USES software_trap 
mscan3_wakeup_isr         USES software_trap 
mscan2_tx_isr             USES software_trap 
mscan2_rx_isr             USES software_trap 
mscan2_error_isr          USES software_trap 
mscan2_wakeup_isr         USES software_trap 
mscan1_tx_isr             USES software_trap 
mscan1_rx_isr             USES software_trap 
mscan1_error_isr          USES software_trap 
mscan1_wakeup_isr         USES software_trap 
mscan0_tx_isr             USES software_trap 
mscan0_rx_isr             USES software_trap 
mscan0_error_isr          USES software_trap 
mscan0_wakeup_isr         USES software_trap 
flash_isr                 USES software_trap 
eeprom_isr                USES software_trap 
spi2_isr                  USES software_trap 
spi1_isr                  USES software_trap 
iic_isr                   USES software_trap 
bdlc_isr                  USES software_trap 
crg_scm_isr               USES software_trap 
crg_pll_lock_isr          USES software_trap 
pa_b_overflow_isr         USES software_trap 
ect_mdc_isr               USES software_trap 
porth_isr                 USES software_trap 
portj_isr                 USES interruptJ_function 
atd1_isr                  USES software_trap 
atd0_isr                  USES software_trap 
sci1_isr                  USES software_trap 
sci0_isr                  USES sci0_handler 
spi0_isr                  USES software_trap 
pa_a_edge_isr             USES software_trap 
pa_a_overflow_isr         USES software_trap 
ect_overflow_isr          USES software_trap 
ect_ch7_isr               USES software_trap 
ect_ch6_isr               USES software_trap 
ect_ch5_isr               USES software_trap 
ect_ch4_isr               USES software_trap 
ect_ch3_isr               USES software_trap 
ect_ch2_isr               USES software_trap 
ect_ch1_isr               USES software_trap 
ect_ch0_isr               USES software_trap 
rti_isr                   USES software_trap 
irq_isr                   USES software_trap 
xirq_isr                  USES interruptX_function 
swi_isr                   USES software_trap 
trap_isr                  USES software_trap 
cop_isr                   USES software_trap 
clockmonitor_isr          USES software_trap 
main                      USES init_LCD Regs Pim RX init_sci0 ini_interrupt 
                                STRING.A.1 write_string STRING.SCI.OK..2 write_sci0 
init_sci0                 USES Sci0 txoffset_sci0 rxbuffer_sci0 
write_sci0                USES txbuffer_sci0 Sci0 
sci0_handler              USES Regs Pim Sci0 rxbuffer_sci0 _CASE_CHECKED_BYTE 
                                txbuffer_sci0 
ini_interrupt             USES Pim 
interruptJ_function       USES Pim alphabet str1 write_string position 
interruptX_function       USES str1 write_sci0 
init_LCD                  USES Regs set_inst_register 
set_inst_register         USES ms_delay Regs 
write_data                USES ms_delay Regs 
write_string              USES set_inst_register write_data 

*********************************************************************************************
DEPENDENCY TREE
*********************************************************************************************
 main and _Startup Group
 | 
 +- main                
 |  | 
 |  +- init_LCD            
 |  |  | 
 |  |  +- set_inst_register   
 |  |     | 
 |  |     +- ms_delay            
 |  |          
 |  +- init_sci0           
 |  |    
 |  +- ini_interrupt       
 |  |    
 |  +- write_string        
 |  |  | 
 |  |  +- set_inst_register    (see above)
 |  |  |  
 |  |  +- write_data          
 |  |     | 
 |  |     +- ms_delay             (see above)
 |  |        
 |  +- write_sci0          
 |       
 +- _Startup            
    | 
    +- Init                
         
 clockmonitor_isr    
 | 
 +- software_trap       
      
 cop_isr             
 | 
 +- software_trap        (see above)
    
 trap_isr            
 | 
 +- software_trap        (see above)
    
 swi_isr             
 | 
 +- software_trap        (see above)
    
 xirq_isr            
 | 
 +- interruptX_function 
    | 
    +- write_sci0           (see above)
       
 irq_isr             
 | 
 +- software_trap        (see above)
    
 rti_isr             
 | 
 +- software_trap        (see above)
    
 ect_ch0_isr         
 | 
 +- software_trap        (see above)
    
 ect_ch1_isr         
 | 
 +- software_trap        (see above)
    
 ect_ch2_isr         
 | 
 +- software_trap        (see above)
    
 ect_ch3_isr         
 | 
 +- software_trap        (see above)
    
 ect_ch4_isr         
 | 
 +- software_trap        (see above)
    
 ect_ch5_isr         
 | 
 +- software_trap        (see above)
    
 ect_ch6_isr         
 | 
 +- software_trap        (see above)
    
 ect_ch7_isr         
 | 
 +- software_trap        (see above)
    
 ect_overflow_isr    
 | 
 +- software_trap        (see above)
    
 pa_a_overflow_isr   
 | 
 +- software_trap        (see above)
    
 pa_a_edge_isr       
 | 
 +- software_trap        (see above)
    
 spi0_isr            
 | 
 +- software_trap        (see above)
    
 sci0_isr            
 | 
 +- sci0_handler        
    | 
    +- _CASE_CHECKED_BYTE  
         
 sci1_isr            
 | 
 +- software_trap        (see above)
    
 atd0_isr            
 | 
 +- software_trap        (see above)
    
 atd1_isr            
 | 
 +- software_trap        (see above)
    
 portj_isr           
 | 
 +- interruptJ_function 
    | 
    +- write_string         (see above)
       
 porth_isr           
 | 
 +- software_trap        (see above)
    
 ect_mdc_isr         
 | 
 +- software_trap        (see above)
    
 pa_b_overflow_isr   
 | 
 +- software_trap        (see above)
    
 crg_pll_lock_isr    
 | 
 +- software_trap        (see above)
    
 crg_scm_isr         
 | 
 +- software_trap        (see above)
    
 bdlc_isr            
 | 
 +- software_trap        (see above)
    
 iic_isr             
 | 
 +- software_trap        (see above)
    
 spi1_isr            
 | 
 +- software_trap        (see above)
    
 spi2_isr            
 | 
 +- software_trap        (see above)
    
 eeprom_isr          
 | 
 +- software_trap        (see above)
    
 flash_isr           
 | 
 +- software_trap        (see above)
    
 mscan0_wakeup_isr   
 | 
 +- software_trap        (see above)
    
 mscan0_error_isr    
 | 
 +- software_trap        (see above)
    
 mscan0_rx_isr       
 | 
 +- software_trap        (see above)
    
 mscan0_tx_isr       
 | 
 +- software_trap        (see above)
    
 mscan1_wakeup_isr   
 | 
 +- software_trap        (see above)
    
 mscan1_error_isr    
 | 
 +- software_trap        (see above)
    
 mscan1_rx_isr       
 | 
 +- software_trap        (see above)
    
 mscan1_tx_isr       
 | 
 +- software_trap        (see above)
    
 mscan2_wakeup_isr   
 | 
 +- software_trap        (see above)
    
 mscan2_error_isr    
 | 
 +- software_trap        (see above)
    
 mscan2_rx_isr       
 | 
 +- software_trap        (see above)
    
 mscan2_tx_isr       
 | 
 +- software_trap        (see above)
    
 mscan3_wakeup_isr   
 | 
 +- software_trap        (see above)
    
 mscan3_error_isr    
 | 
 +- software_trap        (see above)
    
 mscan3_rx_isr       
 | 
 +- software_trap        (see above)
    
 mscan3_tx_isr       
 | 
 +- software_trap        (see above)
    
 mscan4_wakeup_isr   
 | 
 +- software_trap        (see above)
    
 mscan4_error_isr    
 | 
 +- software_trap        (see above)
    
 mscan4_rx_isr       
 | 
 +- software_trap        (see above)
    
 mscan4_tx_isr       
 | 
 +- software_trap        (see above)
    
 portp_isr           
 | 
 +- software_trap        (see above)
    
 pwm_shutdown_isr    
 | 
 +- software_trap        (see above)
    
*********************************************************************************************
STATISTIC SECTION
---------------------------------------------------------------------------------------------

ExeFile:
--------
Number of blocks to be downloaded: 6
Total size of all blocks to be downloaded: 927

